2026-10-06 21:25:40,602 - ERROR - url: http://140.210.9.53:6789/L00001live.txt 爬取失败❌, Error: HTTPConnectionPool(host='140.210.9.53', port=6789): Max retries exceeded with url: /L00001live.txt (Caused by ConnectTimeoutError(<HTTPConnection(host='140.210.9.53', port=6789) at 0x7fb6b0813430>, 'Connection to 140.210.9.53 timed out. (connect timeout=10)'))
2026-10-06 21:25:41,254 - INFO - url: https://proxy.lalifeier.eu.org/https://raw.githubusercontent.com/RJZC-LRJ/RJ/caaf92ae6eb9214499e78c822d00df59dc7d7ddc/RJLIVE_V2.6.8/rj_live.m3u 获取成功，判断为m3u格式
2026-10-06 21:25:41,257 - INFO - url: https://proxy.lalifeier.eu.org/https://raw.githubusercontent.com/RJZC-LRJ/RJ/caaf92ae6eb9214499e78c822d00df59dc7d7ddc/RJLIVE_V2.6.8/rj_live.m3u 爬取成功✅，包含频道分类: 央视频道[01], 卫视频道[01], 央视频道[02], 卫视频道[02], 央视频道[03], 卫视频道[03], 央视频道[04], 卫视频道[04], 央视频道[05], 卫视频道[05], 央视频道[06], 卫视频道[06], 央视频道[07], 卫视频道[07], 央视频道[08], 卫视频道[08], 央视频道[09], 卫视频道[09], 央视频道[10], 卫视频道[10], 央视频道[11], 卫视频道[11], 央视组播[12], 卫视组播[12], 央视组播[13], 卫视组播[13], 央视组播[14], 卫视组播[14], 历年春晚[01], 恐怖电影[02], 视觉效果[03], 经典轮播[04], 电影轮播[05]
2026-10-06 21:25:41,711 - ERROR - url: http://ok.html-5.me//i/%E6%B1%9F%E8%A5%BF%E7%9C%81%E9%B9%B0%E6%BD%AD%E5%B8%82%E7%94%B5%E4%BF%A1%E7%BB%84%E6%92%AD.txt 爬取失败❌, Error: ('Connection aborted.', RemoteDisconnected('Remote end closed connection without response'))
2026-10-06 21:25:42,029 - INFO - url: https://proxy.lalifeier.eu.org/https://raw.githubusercontent.com/ljf9096/ds/main/y/y4 获取成功，判断为txt格式
2026-10-06 21:25:42,030 - INFO - url: https://proxy.lalifeier.eu.org/https://raw.githubusercontent.com/ljf9096/ds/main/y/y4 爬取成功✅，包含频道分类: 来源, 央卫咪咕, 央卫频道
2026-10-06 21:25:42,301 - INFO - url: https://proxy.lalifeier.eu.org/https://raw.githubusercontent.com/ljf9096/ds/main/y/y5 获取成功，判断为txt格式
2026-10-06 21:25:42,301 - INFO - url: https://proxy.lalifeier.eu.org/https://raw.githubusercontent.com/ljf9096/ds/main/y/y5 爬取成功✅，包含频道分类: 来源, 央视, 卫视, 其它
2026-10-06 21:25:42,563 - INFO - url: https://proxy.lalifeier.eu.org/https://raw.githubusercontent.com/ljf9096/ds/main/y/y6 获取成功，判断为txt格式
2026-10-06 21:25:42,563 - INFO - url: https://proxy.lalifeier.eu.org/https://raw.githubusercontent.com/ljf9096/ds/main/y/y6 爬取成功✅，包含频道分类: 央视频道, 港台频道, 卫视频道, 其它频道
2026-10-06 21:25:42,812 - INFO - url: https://proxy.lalifeier.eu.org/https://raw.githubusercontent.com/ljf9096/ds/main/y/y7 获取成功，判断为txt格式
2026-10-06 21:25:42,812 - INFO - url: https://proxy.lalifeier.eu.org/https://raw.githubusercontent.com/ljf9096/ds/main/y/y7 爬取成功✅，包含频道分类: 央视频道, 卫视频道
2026-10-06 21:25:43,065 - INFO - url: https://proxy.lalifeier.eu.org/https://raw.githubusercontent.com/ljf9096/ds/main/y/y8 获取成功，判断为m3u格式
2026-10-06 21:25:43,066 - INFO - url: https://proxy.lalifeier.eu.org/https://raw.githubusercontent.com/ljf9096/ds/main/y/y8 爬取成功✅，包含频道分类: 央视频道, 卫视频道, 超清频道, 其他频道
2026-10-06 21:25:43,317 - INFO - url: https://proxy.lalifeier.eu.org/https://raw.githubusercontent.com/ljf9096/ds/main/y/y9 获取成功，判断为txt格式
2026-10-06 21:25:43,317 - INFO - url: https://proxy.lalifeier.eu.org/https://raw.githubusercontent.com/ljf9096/ds/main/y/y9 爬取成功✅，包含频道分类: 央视, 卫视
2026-10-06 21:25:43,428 - ERROR - url: https://iptv.catvod.com/tv.m3u 爬取失败❌, Error: 403 Client Error: Forbidden for url: https://iptv.catvod.com/tv.m3u
2026-10-06 21:25:47,133 - INFO - url: https://gitee.com/lwr851/live/raw/master/iptv.m3u 获取成功，判断为m3u格式
2026-10-06 21:25:47,134 - INFO - url: https://gitee.com/lwr851/live/raw/master/iptv.m3u 爬取成功✅，包含频道分类: 央视频道, 本地频道, 卫视频道, 港澳频道, 影视频道
2026-10-06 21:25:57,151 - ERROR - url: https://bc.188766.xyz/?ip=&mima=mianfeibuhuaqian&json=true 爬取失败❌, Error: HTTPSConnectionPool(host='bc.188766.xyz', port=443): Max retries exceeded with url: /?ip=&mima=mianfeibuhuaqian&json=true (Caused by NameResolutionError("HTTPSConnection(host='bc.188766.xyz', port=443): Failed to resolve 'bc.188766.xyz' ([Errno -3] Temporary failure in name resolution)"))
2026-10-06 21:26:00,790 - INFO - url: https://gitee.com/zwssina/yunduanyuan/raw/master/SB 获取成功，判断为txt格式
2026-10-06 21:26:00,793 - INFO - url: https://gitee.com/zwssina/yunduanyuan/raw/master/SB 爬取成功✅，包含频道分类: 港台测试, 广东本地, iptv, 广东酒店, 广东移动内网, 移动央卫, 咪咕央卫, 轮播, 体育咪咕, 香港测试, 新咪咕, 四季测试
2026-10-06 21:26:01,259 - ERROR - url: https://d.kstore.dev/download/15366/6988.txt 爬取失败❌, Error: 404 Client Error:  for url: https://d.kstore.dev/download/15366/6988.txt
2026-10-06 21:26:01,423 - INFO - url: https://gh-proxy.com/https://github.com/Kimentanm/aptv/raw/master/m3u/iptv.m3u 获取成功，判断为m3u格式
2026-10-06 21:26:01,424 - INFO - url: https://gh-proxy.com/https://github.com/Kimentanm/aptv/raw/master/m3u/iptv.m3u 爬取成功✅，包含频道分类: 央视IPV4, 卫视IPV4, 卫视IPV4" catchup="append" catchup-source="?playseek=${(b)yyyyMMddHHmmss}-${(e)yyyyMMddHHmmss}, 4K8K频道, 历年春晚
2026-10-06 21:26:05,182 - INFO - url: https://gitee.com/hw2837/iptv/raw/master/iptv 获取成功，判断为txt格式
2026-10-06 21:26:05,185 - INFO - url: https://gitee.com/hw2837/iptv/raw/master/iptv 爬取成功✅，包含频道分类: 央视频道, 卫视频道, itv体育咪咕, 移动央视V4, 移动卫视V4, 移动咪咕V4, 测试, rrs03-央视频道, rrs03-卫视频道, rrs03-咪咕频道, rrs03-其它频道, 体育咪咕36.155.98.21, 移动央视-备, 移动卫视-备, 移动咪咕-备, 广东酒店源-地方, 广东
2026-10-06 21:26:05,833 - INFO - url: https://ghproxy.net/https://raw.githubusercontent.com/wwb521/live/refs/heads/main/tv.m3u 获取成功，判断为m3u格式
2026-10-06 21:26:05,834 - INFO - url: https://ghproxy.net/https://raw.githubusercontent.com/wwb521/live/refs/heads/main/tv.m3u 爬取成功✅，包含频道分类: 央视频道, 卫视频道
2026-10-06 21:26:06,609 - ERROR - url: https://kkgithub.com/extdomains/cdn.jsdelivr.net/gh/ljf9096/ds/y/henanyidong.txt 爬取失败❌, Error: HTTPSConnectionPool(host='kkgithub.com', port=443): Max retries exceeded with url: /extdomains/cdn.jsdelivr.net/gh/ljf9096/ds/y/henanyidong.txt (Caused by SSLError(SSLCertVerificationError(1, "[SSL: CERTIFICATE_VERIFY_FAILED] certificate verify failed: Hostname mismatch, certificate is not valid for 'kkgithub.com'. (_ssl.c:1017)")))
2026-10-06 21:26:06,896 - INFO - url: https://proxy.lalifeier.eu.org/https://raw.githubusercontent.com/Supprise0901/TVBox_live/main/live.txt 获取成功，判断为txt格式
2026-10-06 21:26:06,899 - INFO - url: https://proxy.lalifeier.eu.org/https://raw.githubusercontent.com/Supprise0901/TVBox_live/main/live.txt 爬取成功✅，包含频道分类: 🇨🇳河南地方, 🇨🇳IPV4线路, 🇨🇳组播线路, 🇨🇳电影在线, 🇨🇳影音剧场
2026-10-06 21:26:07,082 - INFO - url: https://proxy.lalifeier.eu.org/https://raw.githubusercontent.com/develop202/migu_video/refs/heads/main/interface.txt 获取成功，判断为txt格式
2026-10-06 21:26:07,607 - INFO - url: https://live.lizanyang.top/hn.m3u 获取成功，判断为m3u格式
2026-10-06 21:26:07,608 - INFO - url: https://live.lizanyang.top/hn.m3u 爬取成功✅，包含频道分类: 4K超高清, 央视, 港澳频道, 卫视, 河南, 河南地方, 数字综合, 河南广播, CNR•广播, 历年春晚
2026-10-06 21:26:08,253 - ERROR - url: https://cdn.jsdelivr.net/gh/xuelong876/kodi@main/yd.m3u 爬取失败❌, Error: 404 Client Error: Not Found for url: https://cdn.jsdelivr.net/gh/xuelong876/kodi@main/yd.m3u
2026-10-06 21:26:10,759 - INFO - url: https://gitee.com/sy68/tv/raw/tv/zby 获取成功，判断为txt格式
2026-10-06 21:26:10,760 - INFO - url: https://gitee.com/sy68/tv/raw/tv/zby 爬取成功✅，包含频道分类: 央视-移动, 央视-电信, 央视-联通
2026-10-06 21:26:10,993 - INFO - url: https://proxy.lalifeier.eu.org/https://raw.githubusercontent.com/kakaxi-1/IPTV/main/iptv.txt 获取成功，判断为txt格式
2026-10-06 21:26:10,996 - INFO - url: https://proxy.lalifeier.eu.org/https://raw.githubusercontent.com/kakaxi-1/IPTV/main/iptv.txt 爬取成功✅，包含频道分类: 更新时间, 央视频道, 卫视频道, 数字频道
2026-10-06 21:26:11,209 - INFO - url: https://proxy.lalifeier.eu.org/https://raw.githubusercontent.com/kakaxi-1/IPTV/main/ipv4.txt 获取成功，判断为txt格式
2026-10-06 21:26:11,212 - INFO - url: https://proxy.lalifeier.eu.org/https://raw.githubusercontent.com/kakaxi-1/IPTV/main/ipv4.txt 爬取成功✅，包含频道分类: 更新时间, 央视频道, 卫视频道, 数字频道, 影视轮播
2026-10-06 21:26:11,485 - INFO - url: https://proxy.lalifeier.eu.org/https://raw.githubusercontent.com/liulei120/TVCrazy/main/output/itvlist.txt 获取成功，判断为txt格式
2026-10-06 21:26:11,486 - INFO - url: https://proxy.lalifeier.eu.org/https://raw.githubusercontent.com/liulei120/TVCrazy/main/output/itvlist.txt 爬取成功✅，包含频道分类: 央视频道, 卫视频道, 其他频道
2026-10-06 21:26:21,498 - ERROR - url: http://43.251.226.89:8080/live.txt 爬取失败❌, Error: HTTPConnectionPool(host='43.251.226.89', port=8080): Max retries exceeded with url: /live.txt (Caused by ConnectTimeoutError(<HTTPConnection(host='43.251.226.89', port=8080) at 0x7fb6b0812e30>, 'Connection to 43.251.226.89 timed out. (connect timeout=10)'))
2026-10-06 21:26:21,710 - INFO - url: https://proxy.lalifeier.eu.org/https://raw.githubusercontent.com/ioptu/IPTV.txt2m3u.player/main/migu.m3u 获取成功，判断为m3u格式
2026-10-06 21:26:21,710 - INFO - url: https://proxy.lalifeier.eu.org/https://raw.githubusercontent.com/ioptu/IPTV.txt2m3u.player/main/migu.m3u 爬取成功✅，包含频道分类: 央视, 卫视, 其它
2026-10-06 21:26:22,290 - INFO - url: https://ghproxy.net/https://raw.githubusercontent.com/develop202/migu_video/refs/heads/main/interface.txt 获取成功，判断为txt格式
